This file contains any messages produced by compilers while
running configure, to aid debugging if configure makes a mistake.

It was created by dot1ag-utils configure 1.0.1, which was
generated by GNU Autoconf 2.71.  Invocation command line was

  $ ./configure --no-create --no-recursion

## --------- ##
## Platform. ##
## --------- ##

hostname = cplx1094
uname -m = x86_64
uname -r = 6.17.0-14-generic
uname -s = Linux
uname -v = #14~24.04.1-Ubuntu SMP PREEMPT_DYNAMIC Thu Jan 15 15:52:10 UTC 2

/usr/bin/uname -p = x86_64
/bin/uname -X     = unknown

/bin/arch              = x86_64
/usr/bin/arch -k       = unknown
/usr/convex/getsysinfo = unknown
/usr/bin/hostinfo      = unknown
/bin/machine           = unknown
/usr/bin/oslevel       = unknown
/bin/universe          = unknown

PATH: /home/hon/.local/bin/
PATH: /usr/local/sbin/
PATH: /usr/local/bin/
PATH: /usr/sbin/
PATH: /usr/bin/
PATH: /sbin/
PATH: /bin/
PATH: /usr/games/
PATH: /usr/local/games/
PATH: /snap/bin/
PATH: /home/hon/.local/bin/
PATH: /home/hon/.local/bin/


## ----------- ##
## Core tests. ##
## ----------- ##

configure:2306: looking for aux files: missing install-sh
configure:2319:  trying ./
configure:2348:   ./missing found
configure:2330:   ./install-sh found
configure:2477: checking for a BSD-compatible install
configure:2550: result: /usr/bin/install -c
configure:2561: checking whether build environment is sane
configure:2611: result: yes
configure:2764: checking for a race-free mkdir -p
configure:2808: result: /usr/bin/mkdir -p
configure:2821: checking for gawk
configure:2856: result: no
configure:2821: checking for mawk
configure:2842: found /usr/bin/mawk
configure:2853: result: mawk
configure:2864: checking whether make sets $(MAKE)
configure:2887: result: yes
configure:3032: checking for gcc
configure:3053: found /usr/bin/gcc
configure:3064: result: gcc
configure:3417: checking for C compiler version
configure:3426: gcc --version >&5
gcc (Ubuntu 13.3.0-6ubuntu2~24.04.1) 13.3.0
Copyright (C) 2023 Free Software Foundation, Inc.
This is free software; see the source for copying conditions.  There is NO
warranty; not even for MERCHANTABILITY or FITNESS FOR A PARTICULAR PURPOSE.

configure:3437: $? = 0
configure:3426: gcc -v >&5
Using built-in specs.
COLLECT_GCC=gcc
COLLECT_LTO_WRAPPER=/usr/libexec/gcc/x86_64-linux-gnu/13/lto-wrapper
OFFLOAD_TARGET_NAMES=nvptx-none:amdgcn-amdhsa
OFFLOAD_TARGET_DEFAULT=1
Target: x86_64-linux-gnu
Configured with: ../src/configure -v --with-pkgversion='Ubuntu 13.3.0-6ubuntu2~24.04.1' --with-bugurl=file:///usr/share/doc/gcc-13/README.Bugs --enable-languages=c,ada,c++,go,d,fortran,objc,obj-c++,m2 --prefix=/usr --with-gcc-major-version-only --program-suffix=-13 --program-prefix=x86_64-linux-gnu- --enable-shared --enable-linker-build-id --libexecdir=/usr/libexec --without-included-gettext --enable-threads=posix --libdir=/usr/lib --enable-nls --enable-bootstrap --enable-clocale=gnu --enable-libstdcxx-debug --enable-libstdcxx-time=yes --with-default-libstdcxx-abi=new --enable-libstdcxx-backtrace --enable-gnu-unique-object --disable-vtable-verify --enable-plugin --enable-default-pie --with-system-zlib --enable-libphobos-checking=release --with-target-system-zlib=auto --enable-objc-gc=auto --enable-multiarch --disable-werror --enable-cet --with-arch-32=i686 --with-abi=m64 --with-multilib-list=m32,m64,mx32 --enable-multilib --with-tune=generic --enable-offload-targets=nvptx-none=/build/gcc-13-EldibY/gcc-13-13.3.0/debian/tmp-nvptx/usr,amdgcn-amdhsa=/build/gcc-13-EldibY/gcc-13-13.3.0/debian/tmp-gcn/usr --enable-offload-defaulted --without-cuda-driver --enable-checking=release --build=x86_64-linux-gnu --host=x86_64-linux-gnu --target=x86_64-linux-gnu --with-build-config=bootstrap-lto-lean --enable-link-serialization=2
Thread model: posix
Supported LTO compression algorithms: zlib zstd
gcc version 13.3.0 (Ubuntu 13.3.0-6ubuntu2~24.04.1) 
... rest of stderr output deleted ...
configure:3437: $? = 0
configure:3426: gcc -V >&5
gcc: error: unrecognized command-line option '-V'
gcc: fatal error: no input files
compilation terminated.
configure:3437: $? = 1
configure:3426: gcc -qversion >&5
gcc: error: unrecognized command-line option '-qversion'; did you mean '--version'?
gcc: fatal error: no input files
compilation terminated.
configure:3437: $? = 1
configure:3426: gcc -version >&5
gcc: error: unrecognized command-line option '-version'
gcc: fatal error: no input files
compilation terminated.
configure:3437: $? = 1
configure:3457: checking whether the C compiler works
configure:3479: gcc    conftest.c  >&5
configure:3483: $? = 0
configure:3533: result: yes
configure:3536: checking for C compiler default output file name
configure:3538: result: a.out
configure:3544: checking for suffix of executables
configure:3551: gcc -o conftest    conftest.c  >&5
configure:3555: $? = 0
configure:3578: result: 
configure:3600: checking whether we are cross compiling
configure:3608: gcc -o conftest    conftest.c  >&5
configure:3612: $? = 0
configure:3619: ./conftest
configure:3623: $? = 0
configure:3638: result: no
configure:3643: checking for suffix of object files
configure:3666: gcc -c   conftest.c >&5
configure:3670: $? = 0
configure:3692: result: o
configure:3696: checking whether the compiler supports GNU C
configure:3716: gcc -c   conftest.c >&5
configure:3716: $? = 0
configure:3726: result: yes
configure:3737: checking whether gcc accepts -g
configure:3758: gcc -c -g  conftest.c >&5
configure:3758: $? = 0
configure:3802: result: yes
configure:3822: checking for gcc option to enable C11 features
configure:3837: gcc  -c -g -O2  conftest.c >&5
configure:3837: $? = 0
configure:3855: result: none needed
configure:3974: checking for stdio.h
configure:3974: gcc -c -g -O2  conftest.c >&5
configure:3974: $? = 0
configure:3974: result: yes
configure:3974: checking for stdlib.h
configure:3974: gcc -c -g -O2  conftest.c >&5
configure:3974: $? = 0
configure:3974: result: yes
configure:3974: checking for string.h
configure:3974: gcc -c -g -O2  conftest.c >&5
configure:3974: $? = 0
configure:3974: result: yes
configure:3974: checking for inttypes.h
configure:3974: gcc -c -g -O2  conftest.c >&5
configure:3974: $? = 0
configure:3974: result: yes
configure:3974: checking for stdint.h
configure:3974: gcc -c -g -O2  conftest.c >&5
configure:3974: $? = 0
configure:3974: result: yes
configure:3974: checking for strings.h
configure:3974: gcc -c -g -O2  conftest.c >&5
configure:3974: $? = 0
configure:3974: result: yes
configure:3974: checking for sys/stat.h
configure:3974: gcc -c -g -O2  conftest.c >&5
configure:3974: $? = 0
configure:3974: result: yes
configure:3974: checking for sys/types.h
configure:3974: gcc -c -g -O2  conftest.c >&5
configure:3974: $? = 0
configure:3974: result: yes
configure:3974: checking for unistd.h
configure:3974: gcc -c -g -O2  conftest.c >&5
configure:3974: $? = 0
configure:3974: result: yes
configure:3999: checking for net/bpf.h
configure:3999: gcc -c -g -O2  conftest.c >&5
conftest.c:49:10: fatal error: net/bpf.h: No such file or directory
   49 | #include <net/bpf.h>
      |          ^~~~~~~~~~~
compilation terminated.
configure:3999: $? = 1
configure: failed program was:
| /* confdefs.h */
| #define PACKAGE_NAME "dot1ag-utils"
| #define PACKAGE_TARNAME "dot1ag-utils"
| #define PACKAGE_VERSION "1.0.1"
| #define PACKAGE_STRING "dot1ag-utils 1.0.1"
| #define PACKAGE_BUGREPORT "rvdp@sara.nl"
| #define PACKAGE_URL ""
| #define PACKAGE "dot1ag-utils"
| #define VERSION "1.0.1"
| #define HAVE_STDIO_H 1
| #define HAVE_STDLIB_H 1
| #define HAVE_STRING_H 1
| #define HAVE_INTTYPES_H 1
| #define HAVE_STDINT_H 1
| #define HAVE_STRINGS_H 1
| #define HAVE_SYS_STAT_H 1
| #define HAVE_SYS_TYPES_H 1
| #define HAVE_UNISTD_H 1
| #define STDC_HEADERS 1
| /* end confdefs.h.  */
| #include <stddef.h>
| #ifdef HAVE_STDIO_H
| # include <stdio.h>
| #endif
| #ifdef HAVE_STDLIB_H
| # include <stdlib.h>
| #endif
| #ifdef HAVE_STRING_H
| # include <string.h>
| #endif
| #ifdef HAVE_INTTYPES_H
| # include <inttypes.h>
| #endif
| #ifdef HAVE_STDINT_H
| # include <stdint.h>
| #endif
| #ifdef HAVE_STRINGS_H
| # include <strings.h>
| #endif
| #ifdef HAVE_SYS_TYPES_H
| # include <sys/types.h>
| #endif
| #ifdef HAVE_SYS_STAT_H
| # include <sys/stat.h>
| #endif
| #ifdef HAVE_UNISTD_H
| # include <unistd.h>
| #endif
| #include <net/bpf.h>
configure:3999: result: no
configure:4005: checking for net/if_ether.h
configure:4005: gcc -c -g -O2  conftest.c >&5
conftest.c:49:10: fatal error: net/if_ether.h: No such file or directory
   49 | #include <net/if_ether.h>
      |          ^~~~~~~~~~~~~~~~
compilation terminated.
configure:4005: $? = 1
configure: failed program was:
| /* confdefs.h */
| #define PACKAGE_NAME "dot1ag-utils"
| #define PACKAGE_TARNAME "dot1ag-utils"
| #define PACKAGE_VERSION "1.0.1"
| #define PACKAGE_STRING "dot1ag-utils 1.0.1"
| #define PACKAGE_BUGREPORT "rvdp@sara.nl"
| #define PACKAGE_URL ""
| #define PACKAGE "dot1ag-utils"
| #define VERSION "1.0.1"
| #define HAVE_STDIO_H 1
| #define HAVE_STDLIB_H 1
| #define HAVE_STRING_H 1
| #define HAVE_INTTYPES_H 1
| #define HAVE_STDINT_H 1
| #define HAVE_STRINGS_H 1
| #define HAVE_SYS_STAT_H 1
| #define HAVE_SYS_TYPES_H 1
| #define HAVE_UNISTD_H 1
| #define STDC_HEADERS 1
| /* end confdefs.h.  */
| #include <stddef.h>
| #ifdef HAVE_STDIO_H
| # include <stdio.h>
| #endif
| #ifdef HAVE_STDLIB_H
| # include <stdlib.h>
| #endif
| #ifdef HAVE_STRING_H
| # include <string.h>
| #endif
| #ifdef HAVE_INTTYPES_H
| # include <inttypes.h>
| #endif
| #ifdef HAVE_STDINT_H
| # include <stdint.h>
| #endif
| #ifdef HAVE_STRINGS_H
| # include <strings.h>
| #endif
| #ifdef HAVE_SYS_TYPES_H
| # include <sys/types.h>
| #endif
| #ifdef HAVE_SYS_STAT_H
| # include <sys/stat.h>
| #endif
| #ifdef HAVE_UNISTD_H
| # include <unistd.h>
| #endif
| #include <net/if_ether.h>
configure:4005: result: no
configure:4011: checking for net/ethernet.h
configure:4011: gcc -c -g -O2  conftest.c >&5
configure:4011: $? = 0
configure:4011: result: yes
configure:4020: checking for uint16_t
configure:4020: gcc -c -g -O2  conftest.c >&5
configure:4020: $? = 0
configure:4020: result: yes
configure:4030: checking for uint32_t
configure:4030: gcc -c -g -O2  conftest.c >&5
configure:4030: $? = 0
configure:4030: result: yes
configure:4042: checking for uint8_t
configure:4042: gcc -c -g -O2  conftest.c >&5
configure:4042: $? = 0
configure:4042: result: yes
configure:4056: checking for gettimeofday
configure:4056: gcc -o conftest -g -O2   conftest.c  >&5
configure:4056: $? = 0
configure:4056: result: yes
configure:4062: checking for memset
configure:4062: gcc -o conftest -g -O2   conftest.c  >&5
conftest.c:39:6: warning: conflicting types for built-in function 'memset'; expected 'void *(void *, int,  long unsigned int)' [-Wbuiltin-declaration-mismatch]
   39 | char memset ();
      |      ^~~~~~
conftest.c:31:1: note: 'memset' is declared in header '<string.h>'
   30 | #include <limits.h>
   31 | #undef memset
configure:4062: $? = 0
configure:4062: result: yes
configure:4068: checking for select
configure:4068: gcc -o conftest -g -O2   conftest.c  >&5
configure:4068: $? = 0
configure:4068: result: yes
configure:4074: checking for socket
configure:4074: gcc -o conftest -g -O2   conftest.c  >&5
configure:4074: $? = 0
configure:4074: result: yes
configure:4196: creating ./config.status

## ---------------- ##
## Cache variables. ##
## ---------------- ##

ac_cv_c_compiler_gnu=yes
ac_cv_c_uint16_t=yes
ac_cv_c_uint32_t=yes
ac_cv_c_uint8_t=yes
ac_cv_env_CC_set=
ac_cv_env_CC_value=
ac_cv_env_CFLAGS_set=
ac_cv_env_CFLAGS_value=
ac_cv_env_CPPFLAGS_set=
ac_cv_env_CPPFLAGS_value=
ac_cv_env_LDFLAGS_set=
ac_cv_env_LDFLAGS_value=
ac_cv_env_LIBS_set=
ac_cv_env_LIBS_value=
ac_cv_env_build_alias_set=
ac_cv_env_build_alias_value=
ac_cv_env_host_alias_set=
ac_cv_env_host_alias_value=
ac_cv_env_target_alias_set=
ac_cv_env_target_alias_value=
ac_cv_func_gettimeofday=yes
ac_cv_func_memset=yes
ac_cv_func_select=yes
ac_cv_func_socket=yes
ac_cv_header_inttypes_h=yes
ac_cv_header_net_bpf_h=no
ac_cv_header_net_ethernet_h=yes
ac_cv_header_net_if_ether_h=no
ac_cv_header_stdint_h=yes
ac_cv_header_stdio_h=yes
ac_cv_header_stdlib_h=yes
ac_cv_header_string_h=yes
ac_cv_header_strings_h=yes
ac_cv_header_sys_stat_h=yes
ac_cv_header_sys_types_h=yes
ac_cv_header_unistd_h=yes
ac_cv_objext=o
ac_cv_path_install='/usr/bin/install -c'
ac_cv_path_mkdir=/usr/bin/mkdir
ac_cv_prog_AWK=mawk
ac_cv_prog_ac_ct_CC=gcc
ac_cv_prog_cc_c11=
ac_cv_prog_cc_g=yes
ac_cv_prog_cc_stdc=
ac_cv_prog_make_make_set=yes

## ----------------- ##
## Output variables. ##
## ----------------- ##

ACLOCAL='${SHELL} /home/hon/Vantiva/Projects/works/vantiva/tms/dot1ag-utils_nghiaduc/missing --run aclocal-1.11'
AMTAR='${SHELL} /home/hon/Vantiva/Projects/works/vantiva/tms/dot1ag-utils_nghiaduc/missing --run tar'
AUTOCONF='${SHELL} /home/hon/Vantiva/Projects/works/vantiva/tms/dot1ag-utils_nghiaduc/missing --run autoconf'
AUTOHEADER='${SHELL} /home/hon/Vantiva/Projects/works/vantiva/tms/dot1ag-utils_nghiaduc/missing --run autoheader'
AUTOMAKE='${SHELL} /home/hon/Vantiva/Projects/works/vantiva/tms/dot1ag-utils_nghiaduc/missing --run automake-1.11'
AWK='mawk'
CC='gcc'
CFLAGS='-g -O2'
CPPFLAGS=''
CYGPATH_W='echo'
DEFS='-DHAVE_CONFIG_H'
ECHO_C=''
ECHO_N='-n'
ECHO_T=''
EXEEXT=''
INSTALL_DATA='${INSTALL} -m 644'
INSTALL_PROGRAM='${INSTALL}'
INSTALL_SCRIPT='${INSTALL}'
INSTALL_STRIP_PROGRAM='$(install_sh) -c -s'
LDFLAGS=''
LIBOBJS=''
LIBS=''
LTLIBOBJS=''
MAKEINFO='${SHELL} /home/hon/Vantiva/Projects/works/vantiva/tms/dot1ag-utils_nghiaduc/missing --run makeinfo'
MKDIR_P='/usr/bin/mkdir -p'
OBJEXT='o'
PACKAGE='dot1ag-utils'
PACKAGE_BUGREPORT='rvdp@sara.nl'
PACKAGE_NAME='dot1ag-utils'
PACKAGE_STRING='dot1ag-utils 1.0.1'
PACKAGE_TARNAME='dot1ag-utils'
PACKAGE_URL=''
PACKAGE_VERSION='1.0.1'
PATH_SEPARATOR=':'
SET_MAKE=''
SHELL='/bin/bash'
STRIP=''
VERSION='1.0.1'
ac_ct_CC='gcc'
am__EXEEXT_FALSE=''
am__EXEEXT_TRUE='#'
am__isrc=''
am__leading_dot='.'
am__tar='${AMTAR} chof - "$$tardir"'
am__untar='${AMTAR} xf -'
bindir='${exec_prefix}/bin'
build_alias=''
datadir='${datarootdir}'
datarootdir='${prefix}/share'
docdir='${datarootdir}/doc/${PACKAGE_TARNAME}'
dvidir='${docdir}'
exec_prefix='${prefix}'
host_alias=''
htmldir='${docdir}'
includedir='${prefix}/include'
infodir='${datarootdir}/info'
install_sh='${SHELL} /home/hon/Vantiva/Projects/works/vantiva/tms/dot1ag-utils_nghiaduc/install-sh'
libdir='${exec_prefix}/lib'
libexecdir='${exec_prefix}/libexec'
localedir='${datarootdir}/locale'
localstatedir='${prefix}/var'
mandir='${datarootdir}/man'
mkdir_p='/usr/bin/mkdir -p'
oldincludedir='/usr/include'
pdfdir='${docdir}'
prefix='/usr/local'
program_transform_name='s,x,x,'
psdir='${docdir}'
runstatedir='${localstatedir}/run'
sbindir='${exec_prefix}/sbin'
sharedstatedir='${prefix}/com'
sysconfdir='${prefix}/etc'
target_alias=''

## ----------- ##
## confdefs.h. ##
## ----------- ##

/* confdefs.h */
#define PACKAGE_NAME "dot1ag-utils"
#define PACKAGE_TARNAME "dot1ag-utils"
#define PACKAGE_VERSION "1.0.1"
#define PACKAGE_STRING "dot1ag-utils 1.0.1"
#define PACKAGE_BUGREPORT "rvdp@sara.nl"
#define PACKAGE_URL ""
#define PACKAGE "dot1ag-utils"
#define VERSION "1.0.1"
#define HAVE_STDIO_H 1
#define HAVE_STDLIB_H 1
#define HAVE_STRING_H 1
#define HAVE_INTTYPES_H 1
#define HAVE_STDINT_H 1
#define HAVE_STRINGS_H 1
#define HAVE_SYS_STAT_H 1
#define HAVE_SYS_TYPES_H 1
#define HAVE_UNISTD_H 1
#define STDC_HEADERS 1
#define HAVE_NET_ETHERNET_H 1
#define HAVE_GETTIMEOFDAY 1
#define HAVE_MEMSET 1
#define HAVE_SELECT 1
#define HAVE_SOCKET 1

configure: exit 0

## ---------------------- ##
## Running config.status. ##
## ---------------------- ##

This file was extended by dot1ag-utils config.status 1.0.1, which was
generated by GNU Autoconf 2.71.  Invocation command line was

  CONFIG_FILES    = 
  CONFIG_HEADERS  = 
  CONFIG_LINKS    = 
  CONFIG_COMMANDS = 
  $ ./config.status 

on cplx1094

config.status:825: creating Makefile
config.status:825: creating src/Makefile
config.status:825: creating doc/Makefile
config.status:825: creating config.h
config.status:1006: config.h is unchanged
